../Core/Src/main.c:120:5:main	64	static
../Core/Src/main.c:255:6:SystemClock_Config	88	static
../Core/Src/main.c:301:13:MX_TIM2_Init	32	static
../Core/Src/main.c:346:13:MX_TIM3_Init	48	static
../Core/Src/main.c:404:13:MX_USART2_UART_Init	8	static
../Core/Src/main.c:437:13:MX_USART6_UART_Init	8	static
../Core/Src/main.c:470:13:MX_GPIO_Init	48	static
../Core/Src/main.c:523:6:MX_GPIO_LED_ON	16	static
../Core/Src/main.c:527:6:MX_GPIO_LED_OFF	16	static
../Core/Src/main.c:531:6:bluetooth_Event	152	static
../Core/Src/main.c:598:6:delay	16	static
../Core/Src/main.c:603:6:HAL_TIM_IC_CaptureCallback	16	static
../Core/Src/main.c:660:6:HCSR04_Read	8	static
../Core/Src/main.c:669:6:HAL_GPIO_EXTI_Callback	16	static
../Core/Src/main.c:696:6:HAL_TIM_PeriodElapsedCallback	16	static
../Core/Src/main.c:713:6:HAL_UART_RxCpltCallback	16	static
../Core/Src/main.c:754:1:__io_putchar	16	static
../Core/Src/main.c:768:6:Error_Handler	4	static,ignoring_inline_asm
