../Core/Src/main.c:120:5:main	80	static
../Core/Src/main.c:258:6:SystemClock_Config	88	static
../Core/Src/main.c:304:13:MX_TIM2_Init	32	static
../Core/Src/main.c:349:13:MX_TIM3_Init	48	static
../Core/Src/main.c:473:13:MX_GPIO_Init	48	static
../Core/Src/main.c:526:6:MX_GPIO_LED_ON	16	static
../Core/Src/main.c:530:6:MX_GPIO_LED_OFF	16	static
../Core/Src/main.c:534:6:esp_event	120	static
../Core/Src/main.c:600:6:delay	16	static
../Core/Src/main.c:606:6:HAL_TIM_IC_CaptureCallback	16	static
../Core/Src/main.c:663:6:HCSR04_Read	8	static
../Core/Src/main.c:672:6:HAL_GPIO_EXTI_Callback	16	static
../Core/Src/main.c:699:6:HAL_TIM_PeriodElapsedCallback	16	static
../Core/Src/main.c:721:6:Error_Handler	4	static,ignoring_inline_asm
